src/components/Charts/MonthlyChart.tsx(39,25): error TS2322: Type '(value: number) => [string, string]' is not assignable to type 'Formatter<number, string> & ((value: number, name: string, item: Payload<number, string>, index: number, payload: Payload<number, string>[]) => ReactNode | [...])'.
  Type '(value: number) => [string, string]' is not assignable to type 'Formatter<number, string>'.
    Types of parameters 'value' and 'value' are incompatible.
      Type 'number | undefined' is not assignable to type 'number'.
        Type 'undefined' is not assignable to type 'number'.
src/components/Charts/TopBarChart.tsx(37,25): error TS2322: Type '(value: number) => [string, string]' is not assignable to type 'Formatter<number, string> & ((value: number, name: string, item: Payload<number, string>, index: number, payload: Payload<number, string>[]) => ReactNode | [...])'.
  Type '(value: number) => [string, string]' is not assignable to type 'Formatter<number, string>'.
    Types of parameters 'value' and 'value' are incompatible.
      Type 'number | undefined' is not assignable to type 'number'.
        Type 'undefined' is not assignable to type 'number'.
src/components/PivotTable.tsx(1,1): error TS6133: 'React' is declared but its value is never read.
src/pages/RasioPenyaluran.tsx(93,45): error TS2322: Type '(value: number) => [string, "Rasio"]' is not assignable to type 'Formatter<number, "Rasio"> & ((value: number, name: "Rasio", item: Payload<number, "Rasio">, index: number, payload: Payload<number, "Rasio">[]) => ReactNode | [...])'.
  Type '(value: number) => [string, "Rasio"]' is not assignable to type 'Formatter<number, "Rasio">'.
    Types of parameters 'value' and 'value' are incompatible.
      Type 'number | undefined' is not assignable to type 'number'.
        Type 'undefined' is not assignable to type 'number'.
